node.exe : npm warn deprecated inflight@1.0.6: This module is not 
supported, and leaks memory. Do not use it. Check out lru-cache if 
you want a good and tested way to coalesce async requests by a key 
value, which is much more comprehensive and powerful.
At line:1 char:1
+ & "C:\Program Files\nodejs/node.exe" "C:\Program 
Files\nodejs/node_mo ...
+ 
~~~~~~~~~~~~~~~~~~~~~~~~~~~~~~~~~~~~~~~~~~~~~~~~~~~~~~~~~~~~~~~~~~~~~
    + CategoryInfo          : NotSpecified: (npm warn deprec...e and 
    powerful.:String) [], RemoteException
    + FullyQualifiedErrorId : NativeCommandError
 
npm warn deprecated rimraf@3.0.2: Rimraf versions prior to v4 are no 
longer supported
npm warn deprecated glob@7.2.3: Glob versions prior to v9 are no 
longer supported
npm warn deprecated glob@7.2.3: Glob versions prior to v9 are no 
longer supported
npm warn deprecated glob@7.2.3: Glob versions prior to v9 are no 
longer supported
npm warn deprecated glob@7.2.3: Glob versions prior to v9 are no 
longer supported
npm warn cleanup Failed to remove some directories [
npm warn cleanup   [
npm warn cleanup     'C:\\Users\\MY COMPUTER\\Downloads\\Global-Affir
mation-Hub-1\\Global-Affirmation-Hub-1\\node_modules\\@unrs\\.resolve
r-binding-win32-x64-msvc-b2xGFBSo',
npm warn cleanup     [Error: EPERM: operation not permitted, unlink 
'C:\Users\MY COMPUTER\Downloads\Global-Affirmation-Hub-1\Global-Affir
mation-Hub-1\node_modules\@unrs\.resolver-binding-win32-x64-msvc-b2xG
FBSo\resolver.win32-x64-msvc.node'] {
npm warn cleanup       errno: -4048,
npm warn cleanup       code: 'EPERM',
npm warn cleanup       syscall: 'unlink',
npm warn cleanup       path: 'C:\\Users\\MY COMPUTER\\Downloads\\Glob
al-Affirmation-Hub-1\\Global-Affirmation-Hub-1\\node_modules\\@unrs\\
.resolver-binding-win32-x64-msvc-b2xGFBSo\\resolver.win32-x64-msvc.no
de'
npm warn cleanup     }
npm warn cleanup   ]
npm warn cleanup ]

> expo-app@1.0.0 postinstall
> patch-package

'patch-package' is not recognized as an internal or external command,
operable program or batch file.
npm error code 1
npm error path C:\Users\MY 
COMPUTER\Downloads\Global-Affirmation-Hub-1\Global-Affirmation-Hub-1
npm error command failed
npm error command C:\WINDOWS\system32\cmd.exe /d /s /c patch-package
npm error A complete log of this run can be found in: C:\Users\MY COM
PUTER\AppData\Local\npm-cache\_logs\2026-04-10T00_04_02_998Z-debug-0.
log
